// Jest Snapshot v1, https://goo.gl/fbAQLP

exports[`should handle basic enums 1`] = `
"declare class Label {
  constructor(...args: empty): mixed;
  static LABEL_OPTIONAL: Label; // 0
  static LABEL_REQUIRED: Label; // 1
  static LABEL_REPEATED: Label; // 2
}
"
`;

exports[`should handle number enums 1`] = `
"declare class Label {
  constructor(...args: empty): mixed;
  static LABEL_OPTIONAL: Label; // 1
  static LABEL_REQUIRED: Label; // 2
  static LABEL_REPEATED: Label; // 3
}
"
`;

exports[`should handle string enums 1`] = `
"declare class Label {
  constructor(...args: empty): mixed;
  static LABEL_OPTIONAL: Label; // LABEL_OPTIONAL
  static LABEL_REQUIRED: Label; // LABEL_REQUIRED
  static LABEL_REPEATED: Label; // LABEL_REPEATED
}
"
`;
